// Jest Snapshot v1, https://goo.gl/fbAQLP

exports[`Pruebas en HookApp Probando que se muestre correctamente HookApp 1`] = `
<div>
  <h1>
    Hola Mundo
  </h1>
</div>
`;
